// Jest Snapshot v1, https://goo.gl/fbAQLP

exports[`Account test renders correctly 1`] = `undefined`;
