// Jest Snapshot v1, https://goo.gl/fbAQLP

exports[`Campgrounds tests renders correctly 1`] = `undefined`;
