// Jest Snapshot v1, https://goo.gl/fbAQLP

exports[`Login test renders correctly 1`] = `
<div>
  <div
    class="row"
  >
    <div
      class="column1"
    >
      <img
        alt="summer camp"
        class="iconDetails"
        src="winter.jpg"
      />
    </div>
    <div
      class="column2"
    >
      <form
        class="createquestionform"
      >
        <p>
          * First Name:
        </p>
        <input
          class="input"
          id="firstname"
          placeholder="Enter First Name"
          required=""
          type="text"
          value=""
        />
        <br />
        <p>
          * Last Name:
        </p>
        <input
          class="input"
          id="lastname"
          placeholder="Enter Last Name"
          required=""
          type="text"
          value=""
        />
        <br />
        <p>
          * Street Address:
        </p>
        <input
          class="input"
          id="address"
          placeholder="Enter Street Address"
          required=""
          type="text"
          value=""
        />
        <br />
        <p>
          * City:
        </p>
        <input
          class="input"
          id="city"
          placeholder="Enter City"
          required=""
          type="text"
          value=""
        />
        <br />
        <p>
          * State:
        </p>
        <input
          class="input"
          id="state"
          placeholder="Enter State"
          required=""
          type="text"
          value=""
        />
        <br />
        <p>
          * Zip Code:
        </p>
        <input
          class="input"
          id="zipcode"
          placeholder="Enter Zip Code"
          required=""
          type="number"
          value=""
        />
        <br />
        <p>
          * Country:
        </p>
        <input
          class="input"
          id="country"
          placeholder="Enter Country"
          required=""
          type="text"
          value=""
        />
        <br />
        <p>
          * Email Address:
        </p>
        <input
          class="input"
          id="email"
          placeholder="Enter Email Address"
          required=""
          type="text"
          value=""
        />
        <br />
        <p>
          * Phone No:
        </p>
        <input
          class="input"
          id="phone"
          placeholder="Enter Phone Number"
          required=""
          type="number"
          value=""
        />
        <br />
        <p>
          Gender:
        </p>
        <div>
          <input
            id="male"
            name="gender"
            type="radio"
            value="Male"
          />
          <label
            for="male"
          >
            Male 
          </label>
          <input
            id="female"
            name="gender"
            type="radio"
            value="Female"
          />
          <label
            for="female"
          >
            Female 
          </label>
          <input
            id="other"
            name="gender"
            type="radio"
            value="Other"
          />
          <label
            for="other"
          >
            Other 
          </label>
        </div>
        <br />
        <p>
          Date of Birth:
        </p>
        <div>
          <span>
            Month: 
          </span>
          <select
            id="months"
            name="months"
          >
            <option
              value="MM"
            >
              MM
            </option>
            <option
              value="January"
            >
              January
            </option>
            <option
              value="February"
            >
              February
            </option>
            <option
              value="March"
            >
              March
            </option>
            <option
              value="April"
            >
              April
            </option>
            <option
              value="May"
            >
              May
            </option>
            <option
              value="June"
            >
              June
            </option>
            <option
              value="July"
            >
              July
            </option>
            <option
              value="August"
            >
              August
            </option>
            <option
              value="September"
            >
              September
            </option>
            <option
              value="October"
            >
              October
            </option>
            <option
              value="November"
            >
              November
            </option>
            <option
              value="December"
            >
              December
            </option>
          </select>
          <span>
             Day: 
          </span>
          <select
            id="days"
            name="days"
          >
            <option
              value="DD"
            >
              DD
            </option>
            <option
              value="1"
            >
              1
            </option>
            <option
              value="2"
            >
              2
            </option>
            <option
              value="3"
            >
              3
            </option>
            <option
              value="4"
            >
              4
            </option>
            <option
              value="5"
            >
              5
            </option>
            <option
              value="6"
            >
              6
            </option>
            <option
              value="7"
            >
              7
            </option>
            <option
              value="8"
            >
              8
            </option>
            <option
              value="9"
            >
              9
            </option>
            <option
              value="10"
            >
              10
            </option>
            <option
              value="11"
            >
              11
            </option>
            <option
              value="12"
            >
              12
            </option>
            <option
              value="13"
            >
              13
            </option>
            <option
              value="14"
            >
              14
            </option>
            <option
              value="15"
            >
              15
            </option>
            <option
              value="16"
            >
              16
            </option>
            <option
              value="17"
            >
              17
            </option>
            <option
              value="18"
            >
              18
            </option>
            <option
              value="19"
            >
              19
            </option>
            <option
              value="20"
            >
              20
            </option>
            <option
              value="21"
            >
              21
            </option>
            <option
              value="22"
            >
              22
            </option>
            <option
              value="23"
            >
              23
            </option>
            <option
              value="24"
            >
              24
            </option>
            <option
              value="25"
            >
              25
            </option>
            <option
              value="26"
            >
              26
            </option>
            <option
              value="27"
            >
              27
            </option>
            <option
              value="28"
            >
              28
            </option>
            <option
              value="29"
            >
              29
            </option>
            <option
              value="30"
            >
              30
            </option>
            <option
              value="31"
            >
              31
            </option>
          </select>
          <span>
             Year: 
          </span>
          <select
            id="year"
            name="year"
          >
            <option
              value="YYYY"
            >
              YYYY
            </option>
            <option
              value="2020"
            >
              2020
            </option>
            <option
              value="2019"
            >
              2019
            </option>
            <option
              value="2018"
            >
              2018
            </option>
            <option
              value="2017"
            >
              2017
            </option>
            <option
              value="2016"
            >
              2016
            </option>
            <option
              value="2015"
            >
              2015
            </option>
            <option
              value="2014"
            >
              2014
            </option>
            <option
              value="2013"
            >
              2013
            </option>
            <option
              value="2012"
            >
              2012
            </option>
            <option
              value="2011"
            >
              2011
            </option>
            <option
              value="2010"
            >
              2010
            </option>
            <option
              value="2009"
            >
              2009
            </option>
            <option
              value="2008"
            >
              2008
            </option>
            <option
              value="2007"
            >
              2007
            </option>
            <option
              value="2006"
            >
              2006
            </option>
            <option
              value="2005"
            >
              2005
            </option>
            <option
              value="2004"
            >
              2004
            </option>
            <option
              value="2003"
            >
              2003
            </option>
            <option
              value="2002"
            >
              2002
            </option>
            <option
              value="2001"
            >
              2001
            </option>
            <option
              value="2000"
            >
              2000
            </option>
            <option
              value="1999"
            >
              1999
            </option>
            <option
              value="1998"
            >
              1998
            </option>
            <option
              value="1997"
            >
              1997
            </option>
            <option
              value="1996"
            >
              1996
            </option>
            <option
              value="1995"
            >
              1995
            </option>
            <option
              value="1994"
            >
              1994
            </option>
            <option
              value="1993"
            >
              1993
            </option>
            <option
              value="1992"
            >
              1992
            </option>
            <option
              value="1991"
            >
              1991
            </option>
            <option
              value="1990"
            >
              1990
            </option>
          </select>
        </div>
        <br />
        <a
          class="btn"
          href="/login"
        >
           
          <b>
            Submit 
          </b>
           
        </a>
      </form>
    </div>
  </div>
</div>
`;
