// Jest Snapshot v1, https://goo.gl/fbAQLP

exports[`NoMatch test renders correctly 1`] = `
<div>
  <div>
    <img
      alt="error"
      class="error404"
      src="error-404.png"
    />
  </div>
</div>
`;
