// Jest Snapshot v1, https://goo.gl/fbAQLP

exports[`Products tests renders correctly 1`] = `undefined`;
