// Jest Snapshot v1, https://goo.gl/fbAQLP

exports[`Camp collection test renders correctly 1`] = `undefined`;
