// Jest Snapshot v1, https://goo.gl/fbAQLP

exports[`Camp Detail tests renders correctly 1`] = `undefined`;
