// Jest Snapshot v1, https://goo.gl/fbAQLP

exports[`Product Collection tests renders correctly 1`] = `undefined`;
