// Jest Snapshot v1, https://goo.gl/fbAQLP

exports[`Product Detail tests renders correctly 1`] = `undefined`;
