// Jest Snapshot v1, https://goo.gl/fbAQLP

exports[`Product Checkout tests renders correctly 1`] = `undefined`;
