// Jest Snapshot v1, https://goo.gl/fbAQLP

exports[`ThankYou test renders correctly 1`] = `
<div>
  <div
    class="row"
  >
    <div
      class="texts"
    >
      <h1>
        <em>
          Thank you for shopping at Travel and Tents
        </em>
      </h1>
    </div>
  </div>
</div>
`;
